15:30:13 **** Incremental Build of configuration Debug for project PWM_Test ****
make -j20 all 
arm-none-eabi-gcc "../Core/Src/main.c" -mcpu=cortex-m4 -std=gnu11 -g3 -DDEBUG -DUSE_HAL_DRIVER -DSTM32F446xx -c -I../Core/Inc -I../Drivers/STM32F4xx_HAL_Driver/Inc -I../Drivers/STM32F4xx_HAL_Driver/Inc/Legacy -I../Drivers/CMSIS/Device/ST/STM32F4xx/Include -I../Drivers/CMSIS/Include -O0 -ffunction-sections -fdata-sections -Wall -fstack-usage -fcyclomatic-complexity -MMD -MP -MF"Core/Src/main.d" -MT"Core/Src/main.o" --specs=nano.specs -mfpu=fpv4-sp-d16 -mfloat-abi=hard -mthumb -o "Core/Src/main.o"
arm-none-eabi-gcc -o "PWM_Test.elf" @"objects.list"   -mcpu=cortex-m4 -T"D:\00 PhD Prep\STM32\Projects\PWM_Test\STM32F446ZETX_FLASH.ld" --specs=nosys.specs -Wl,-Map="PWM_Test.map" -Wl,--gc-sections -static --specs=nano.specs -mfpu=fpv4-sp-d16 -mfloat-abi=hard -mthumb -Wl,--start-group -lc -lm -Wl,--end-group
Finished building target: PWM_Test.elf
 
arm-none-eabi-size  PWM_Test.elf 
arm-none-eabi-objdump -h -S PWM_Test.elf  > "PWM_Test.list"
   text	   data	    bss	    dec	    hex	filename
  11196	     48	   1640	  12884	   3254	PWM_Test.elf
Finished building: default.size.stdout
 
Finished building: PWM_Test.list
 

15:30:14 Build Finished. 0 errors, 0 warnings. (took 945ms)

